expected_fidelities_averaged00.021865398194332660.074565650276735990.13027108207313930.16549596127107550.17047845824085260.1480130107486810.10910426777124620.067694424183243550.034726864687264370.014311613365067390.0045040024008228110.00097523233806696310.00011053210784083861.365970281311344e-06